------------------------------------------------------------
Timing Analyzer Summary
------------------------------------------------------------

Type  : Slow 1100mV 85C Model Setup 'clk'
Slack : -13.079
TNS   : -178.971

Type  : Slow 1100mV 85C Model Hold 'clk'
Slack : 0.300
TNS   : 0.000

Type  : Slow 1100mV 85C Model Minimum Pulse Width 'clk'
Slack : 3.424
TNS   : 0.000

Type  : Slow 1100mV 0C Model Setup 'clk'
Slack : -13.520
TNS   : -185.997

Type  : Slow 1100mV 0C Model Hold 'clk'
Slack : 0.291
TNS   : 0.000

Type  : Slow 1100mV 0C Model Minimum Pulse Width 'clk'
Slack : 3.350
TNS   : 0.000

Type  : Fast 1100mV 85C Model Setup 'clk'
Slack : 0.009
TNS   : 0.000

Type  : Fast 1100mV 85C Model Hold 'clk'
Slack : 0.132
TNS   : 0.000

Type  : Fast 1100mV 85C Model Minimum Pulse Width 'clk'
Slack : 3.788
TNS   : 0.000

Type  : Fast 1100mV 0C Model Setup 'clk'
Slack : 0.850
TNS   : 0.000

Type  : Fast 1100mV 0C Model Hold 'clk'
Slack : 0.123
TNS   : 0.000

Type  : Fast 1100mV 0C Model Minimum Pulse Width 'clk'
Slack : 3.779
TNS   : 0.000

------------------------------------------------------------
